// Jest Snapshot v1, https://goo.gl/fbAQLP

exports[`Check Content works 1`] = `
.c2 {
  font-size: 16px;
  line-height: 24px;
  -webkit-letter-spacing: 0.005em;
  -moz-letter-spacing: 0.005em;
  -ms-letter-spacing: 0.005em;
  letter-spacing: 0.005em;
  font-family: Roboto;
}

.c1 {
  font-size: 32px;
  line-height: 42px;
  font-weight: 600;
  font-family: Work Sans;
}

.c0 {
  display: -webkit-box;
  display: -webkit-fl bex;
  display: -ms-fl bexbox;
  display: fl bex;
  -webkit-flex-flow: column;
  -ms-flex-flow: column;
  flex-flow: column;
  -webkit-box-pack: center;
  -webkit-justify-content: center;
  -ms-flex-pack: center;
  justify-content: center;
  height: 100vh;
  gap: 8px;
  text-align: center;
}

.c0 img {
  margin: 0 auto 10px;
}

<div
  className="c0"
>
  <img
    alt="Búmeran logo"
    data-nimg="1"
    decoding="async"
    fetchpriority="high"
    onError={[Function]}
    onLoad={[Function]}
    src=""
    style={
      {
        "color": "transparent",
      }
    }
  />
  <div
    aria-level={2}
    className="c1"
    role="heading"
    size="xl"
  >
    React Búmeran Template
  </div>
  <span
    className="c2"
    size="l"
  >
    A Búmeran theme to start building a new app.
  </span>
</div>
`;
