// Jest Snapshot v1, https://goo.gl/fbAQLP

exports[`SearchForm renders the SearchForm component 1`] = `
{
  "asFragment": [Function],
  "baseElement": <body>
    <div>
      <div
        class="SearchForm__FormContainer-sc-1w9hh7q-0 ceYvVq"
      >
        <div
          style="width: 100%;"
        >
          <div
            class="sc-jsJBEP gDratY"
          >
            <div
              class="sc-eeDRCY eAaUXa"
            >
              <div
                style="display: contents;"
              >
                <div
                  class="sc-bbSZdi bYQRsd"
                >
                  <div
                    class="sc-eBMEME hbpwPF"
                  >
                    <label
                      class="sc-dtInlm bmExAe"
                      for="documentType_input"
                    >
                      <div
                        aria-level="5"
                        class="sc-kAyceB fTWNaB"
                        color="inherit"
                        role="heading"
                      >
                        Buscar por...
                      </div>
                    </label>
                    <div
                      class="sc-cWSHoV sc-dCFHLb kchOeC dZdvSt"
                    >
                      <div
                        style="width: 100%;"
                      >
                        <span
                          class="sc-iGgWBj cifpBe"
                        >
                          <input
                            autocomplete="off"
                            class="sc-fhzFiK cLeJjZ"
                            id="documentType_input"
                            readonly=""
                            type="text"
                            value="DNI"
                          />
                        </span>
                      </div>
                      <div
                        class="sc-jxOSlx clLfZS"
                      >
                        <button
                          class="sc-lcIPJg fQTKST"
                        >
                          <svg
                            class="sc-kpDqfm gtIuVz"
                            color="black"
                            fill="none"
                            viewBox="0 0 28 28"
                            width="24px"
                          >
                            <path
                              clip-rule="evenodd"
                              d="M8.006 11.228a.778.778 0 0 1 1.1 0L14 16.122l4.895-4.894a.778.778 0 0 1 1.1 1.1l-5.445 5.444a.778.778 0 0 1-1.1 0l-5.444-5.444a.778.778 0 0 1 0-1.1Z"
                              fill-rule="evenodd"
                            />
                          </svg>
                        </button>
                      </div>
                    </div>
                  </div>
                </div>
              </div>
            </div>
            <div
              class="sc-eeDRCY eAaUXa"
            >
              <div
                class="sc-eBMEME hbpwPF"
              >
                <label
                  class="sc-dtInlm bmExAe"
                  for="search"
                >
                  <div
                    aria-level="5"
                    class="sc-kAyceB fTWNaB"
                    color="inherit"
                    role="heading"
                  >
                    DNI
                  </div>
                </label>
                <div
                  class="sc-cWSHoV sc-dCFHLb kchOeC dZdvSt"
                >
                  <div
                    class="sc-jxOSlx clLfZS"
                  >
                    <button
                      class="sc-lcIPJg fQTKST"
                    >
                      <svg
                        class="sc-kpDqfm gtIuVz"
                        color="black"
                        fill="none"
                        viewBox="0 0 28 28"
                        width="24px"
                      >
                        <path
                          clip-rule="evenodd"
                          d="M12.444 7.778a4.667 4.667 0 1 0 0 9.333 4.667 4.667 0 0 0 0-9.333Zm-6.222 4.667A6.222 6.222 0 1 1 17.36 16.26l4.19 4.19a.778.778 0 1 1-1.1 1.1l-4.19-4.19a6.222 6.222 0 0 1-10.038-4.915Z"
                          fill-rule="evenodd"
                        />
                      </svg>
                    </button>
                  </div>
                  <div
                    style="width: 100%;"
                  >
                    <span
                      class="sc-iGgWBj cifpBe"
                    >
                      <input
                        class="sc-fhzFiK cLeJjZ"
                        id="search"
                        type="text"
                        value=""
                      />
                    </span>
                  </div>
                </div>
              </div>
            </div>
            <div
              class="sc-eeDRCY cYwUmi"
            >
              <button
                class="sc-fHjqPf cEiVYx"
              >
                <label
                  aria-label="Buscar"
                >
                  <div
                    aria-level="5"
                    class="sc-kAyceB fTWNaB"
                    color="inherit"
                    role="heading"
                  >
                    Buscar
                  </div>
                </label>
              </button>
            </div>
          </div>
          <div
            class="SearchForm__SpaceTop-sc-1w9hh7q-1 hxISia"
          />
          <div
            class="sc-jsJBEP gDratY"
          >
            <div
              class="sc-eeDRCY cYwUmi"
            >
              <span
                class="sc-koXPp dsIkix"
                tabindex="0"
              >
                <span
                  class="sc-iGgWBj dBDQUE"
                  color="inherit"
                >
                  <a
                    tabindex="-1"
                  >
                    Limpiar filtros
                  </a>
                </span>
              </span>
            </div>
          </div>
        </div>
      </div>
    </div>
  </body>,
  "container": <div>
    <div
      class="SearchForm__FormContainer-sc-1w9hh7q-0 ceYvVq"
    >
      <div
        style="width: 100%;"
      >
        <div
          class="sc-jsJBEP gDratY"
        >
          <div
            class="sc-eeDRCY eAaUXa"
          >
            <div
              style="display: contents;"
            >
              <div
                class="sc-bbSZdi bYQRsd"
              >
                <div
                  class="sc-eBMEME hbpwPF"
                >
                  <label
                    class="sc-dtInlm bmExAe"
                    for="documentType_input"
                  >
                    <div
                      aria-level="5"
                      class="sc-kAyceB fTWNaB"
                      color="inherit"
                      role="heading"
                    >
                      Buscar por...
                    </div>
                  </label>
                  <div
                    class="sc-cWSHoV sc-dCFHLb kchOeC dZdvSt"
                  >
                    <div
                      style="width: 100%;"
                    >
                      <span
                        class="sc-iGgWBj cifpBe"
                      >
                        <input
                          autocomplete="off"
                          class="sc-fhzFiK cLeJjZ"
                          id="documentType_input"
                          readonly=""
                          type="text"
                          value="DNI"
                        />
                      </span>
                    </div>
                    <div
                      class="sc-jxOSlx clLfZS"
                    >
                      <button
                        class="sc-lcIPJg fQTKST"
                      >
                        <svg
                          class="sc-kpDqfm gtIuVz"
                          color="black"
                          fill="none"
                          viewBox="0 0 28 28"
                          width="24px"
                        >
                          <path
                            clip-rule="evenodd"
                            d="M8.006 11.228a.778.778 0 0 1 1.1 0L14 16.122l4.895-4.894a.778.778 0 0 1 1.1 1.1l-5.445 5.444a.778.778 0 0 1-1.1 0l-5.444-5.444a.778.778 0 0 1 0-1.1Z"
                            fill-rule="evenodd"
                          />
                        </svg>
                      </button>
                    </div>
                  </div>
                </div>
              </div>
            </div>
          </div>
          <div
            class="sc-eeDRCY eAaUXa"
          >
            <div
              class="sc-eBMEME hbpwPF"
            >
              <label
                class="sc-dtInlm bmExAe"
                for="search"
              >
                <div
                  aria-level="5"
                  class="sc-kAyceB fTWNaB"
                  color="inherit"
                  role="heading"
                >
                  DNI
                </div>
              </label>
              <div
                class="sc-cWSHoV sc-dCFHLb kchOeC dZdvSt"
              >
                <div
                  class="sc-jxOSlx clLfZS"
                >
                  <button
                    class="sc-lcIPJg fQTKST"
                  >
                    <svg
                      class="sc-kpDqfm gtIuVz"
                      color="black"
                      fill="none"
                      viewBox="0 0 28 28"
                      width="24px"
                    >
                      <path
                        clip-rule="evenodd"
                        d="M12.444 7.778a4.667 4.667 0 1 0 0 9.333 4.667 4.667 0 0 0 0-9.333Zm-6.222 4.667A6.222 6.222 0 1 1 17.36 16.26l4.19 4.19a.778.778 0 1 1-1.1 1.1l-4.19-4.19a6.222 6.222 0 0 1-10.038-4.915Z"
                        fill-rule="evenodd"
                      />
                    </svg>
                  </button>
                </div>
                <div
                  style="width: 100%;"
                >
                  <span
                    class="sc-iGgWBj cifpBe"
                  >
                    <input
                      class="sc-fhzFiK cLeJjZ"
                      id="search"
                      type="text"
                      value=""
                    />
                  </span>
                </div>
              </div>
            </div>
          </div>
          <div
            class="sc-eeDRCY cYwUmi"
          >
            <button
              class="sc-fHjqPf cEiVYx"
            >
              <label
                aria-label="Buscar"
              >
                <div
                  aria-level="5"
                  class="sc-kAyceB fTWNaB"
                  color="inherit"
                  role="heading"
                >
                  Buscar
                </div>
              </label>
            </button>
          </div>
        </div>
        <div
          class="SearchForm__SpaceTop-sc-1w9hh7q-1 hxISia"
        />
        <div
          class="sc-jsJBEP gDratY"
        >
          <div
            class="sc-eeDRCY cYwUmi"
          >
            <span
              class="sc-koXPp dsIkix"
              tabindex="0"
            >
              <span
                class="sc-iGgWBj dBDQUE"
                color="inherit"
              >
                <a
                  tabindex="-1"
                >
                  Limpiar filtros
                </a>
              </span>
            </span>
          </div>
        </div>
      </div>
    </div>
  </div>,
  "debug": [Function],
  "findAllByAltText": [Function],
  "findAllByDisplayValue": [Function],
  "findAllByLabelText": [Function],
  "findAllByPlaceholderText": [Function],
  "findAllByRole": [Function],
  "findAllByTestId": [Function],
  "findAllByText": [Function],
  "findAllByTitle": [Function],
  "findByAltText": [Function],
  "findByDisplayValue": [Function],
  "findByLabelText": [Function],
  "findByPlaceholderText": [Function],
  "findByRole": [Function],
  "findByTestId": [Function],
  "findByText": [Function],
  "findByTitle": [Function],
  "getAllByAltText": [Function],
  "getAllByDisplayValue": [Function],
  "getAllByLabelText": [Function],
  "getAllByPlaceholderText": [Function],
  "getAllByRole": [Function],
  "getAllByTestId": [Function],
  "getAllByText": [Function],
  "getAllByTitle": [Function],
  "getByAltText": [Function],
  "getByDisplayValue": [Function],
  "getByLabelText": [Function],
  "getByPlaceholderText": [Function],
  "getByRole": [Function],
  "getByTestId": [Function],
  "getByText": [Function],
  "getByTitle": [Function],
  "queryAllByAltText": [Function],
  "queryAllByDisplayValue": [Function],
  "queryAllByLabelText": [Function],
  "queryAllByPlaceholderText": [Function],
  "queryAllByRole": [Function],
  "queryAllByTestId": [Function],
  "queryAllByText": [Function],
  "queryAllByTitle": [Function],
  "queryByAltText": [Function],
  "queryByDisplayValue": [Function],
  "queryByLabelText": [Function],
  "queryByPlaceholderText": [Function],
  "queryByRole": [Function],
  "queryByTestId": [Function],
  "queryByText": [Function],
  "queryByTitle": [Function],
  "rerender": [Function],
  "unmount": [Function],
}
`;
